
Clover EFI installer log - Wed Jun  5 21:36:01 PDT 2019
Installer version: v2.4k r4934 EFI bootloader
======================================================
/dev/disk0 (internal, physical):
   #:                       TYPE NAME                    SIZE       IDENTIFIER
   0:      GUID_partition_scheme                        *512.1 GB   disk0
   1:                        EFI EFI                     1.1 GB     disk0s1
   2:       Microsoft Basic Data                         349.9 GB   disk0s2
   3:                  Apple_HFS Macintosh HD            160.3 GB   disk0s3
   4:                 Apple_Boot Recovery HD             650.0 MB   disk0s4

/dev/disk1 (internal, physical):
   #:                       TYPE NAME                    SIZE       IDENTIFIER
   0:      GUID_partition_scheme                        *128.0 GB   disk1
   1:           Windows Recovery                         471.9 MB   disk1s1
   2:                        EFI NO NAME                 104.9 MB   disk1s2
   3:         Microsoft Reserved                         16.8 MB    disk1s3
   4:       Microsoft Basic Data                         126.5 GB   disk1s4
   5:           Windows Recovery                         926.9 MB   disk1s5

/dev/disk2 (external, physical):
   #:                       TYPE NAME                    SIZE       IDENTIFIER
   0:      GUID_partition_scheme                        *1.0 TB     disk2
   1:                  Apple_HFS mac-app                 710.8 GB   disk2s1
   2:                  Apple_HFS 30gb                    75.6 GB    disk2s2
   3:                  Apple_HFS 10.12.6-16G1212         32.2 GB    disk2s3
   4:                  Apple_HFS 10.13-17A365            32.2 GB    disk2s4
   5:                  Apple_HFS 10.14.3-18D42           32.2 GB    disk2s5
   6:                  Apple_HFS 10.14-18A391            32.2 GB    disk2s6
   7:                        EFI EFI-SSD                 2.1 GB     disk2s7
   8:                  Apple_HFS 10.9.5-13F34            32.2 GB    disk2s8
   9:                  Apple_HFS Install macOS Mojave    8.6 GB     disk2s9
  10:                  Apple_HFS legacy-installer        8.6 GB     disk2s10

======================================================
Backing up EFI files

Backing up /Volumes/Macintosh HD/EFIROOTDIR/EFI folder to /Volumes/Macintosh HD/EFI-Backups/r4674/2019-06-05-21h36/EFI
======================================================
Installing BootSectors/BootLoader

Stage 0 - Don't write any of boot0af, boot0md, boot0ss to /Volumes/Macintosh HD
Stage 1 - Don't write any of boot1h2, boot1f32alt, boot1xalt to /Volumes/Macintosh HD

Removing drivers64UEFI/SMCHelper-64.efi driver because VirtualSMC driver present

======================================================
=========== Clover EFI Installation Finish ===========
======================================================
