
Clover EFI installer log - Sun Jun 16 02:40:26 PDT 2019
Installer version: v2.4k r4934 EFI bootloader
======================================================
/dev/disk0 (internal, physical):
   #:                       TYPE NAME                    SIZE       IDENTIFIER
   0:     FDisk_partition_scheme                        *500.1 GB   disk0
   1:               Windows_NTFS DATA 1                  395.2 GB   disk0s1
   2:               Windows_NTFS DATA 2                  104.9 GB   disk0s2

/dev/disk1 (internal, physical):
   #:                       TYPE NAME                    SIZE       IDENTIFIER
   0:      GUID_partition_scheme                        *250.1 GB   disk1
   1:           Windows Recovery                         523.2 MB   disk1s1
   2:                        EFI EFI                     104.9 MB   disk1s2
   3:         Microsoft Reserved                         16.8 MB    disk1s3
   4:       Microsoft Basic Data                         64.4 GB    disk1s4
   5:                  Apple_HFS Macintosh HD            184.2 GB   disk1s5
   6:                 Apple_Boot Recovery HD             650.0 MB   disk1s6

/dev/disk2 (external, physical):
   #:                       TYPE NAME                    SIZE       IDENTIFIER
   0:      GUID_partition_scheme                        *1.0 TB     disk2
   1:                  Apple_HFS mac-app                 710.8 GB   disk2s1
   2:                  Apple_HFS test-10.15              75.6 GB    disk2s2
   3:                  Apple_HFS 10.12.6-16G1212         32.2 GB    disk2s3
   4:                  Apple_HFS 10.13-17A365            32.2 GB    disk2s4
   5:                  Apple_HFS 10.14.3-18D42           32.2 GB    disk2s5
   6:                  Apple_HFS 10.14-18A391            32.2 GB    disk2s6
   7:                        EFI EFI-SSD                 2.1 GB     disk2s7
   8:                  Apple_HFS 10.9.5-13F34            32.2 GB    disk2s8
   9:                  Apple_HFS Install macOS Mojave    8.6 GB     disk2s9
  10:                  Apple_HFS Install macOS 10.15 ... 8.6 GB     disk2s10

======================================================
Backing up EFI files

Backing up /Volumes/Macintosh HD/EFIROOTDIR/EFI folder to /Volumes/Macintosh HD/EFI-Backups/r4674/2019-06-16-02h40/EFI
======================================================
Installing BootSectors/BootLoader

Stage 0 - Don't write any of boot0af, boot0md, boot0ss to /Volumes/Macintosh HD
Stage 1 - Don't write any of boot1h2, boot1f32alt, boot1xalt to /Volumes/Macintosh HD

Theme 'BGM' (defined in config.plist) not found !
Using default theme 'embedded'
======================================================
=========== Clover EFI Installation Finish ===========
======================================================
