
Clover EFI installer log - Wed Jun  5 23:51:08 PDT 2019
Installer version: v2.4k r4934 EFI bootloader
======================================================
/dev/disk0 (internal):
   #:                       TYPE NAME                    SIZE       IDENTIFIER
   0:      GUID_partition_scheme                         128.0 GB   disk0
   1:           Windows Recovery                         523.2 MB   disk0s1
   2:                        EFI NO NAME                 104.9 MB   disk0s2
   3:         Microsoft Reserved                         16.8 MB    disk0s3
   4:       Microsoft Basic Data                         125.7 GB   disk0s4

/dev/disk1 (internal, physical):
   #:                       TYPE NAME                    SIZE       IDENTIFIER
   0:      GUID_partition_scheme                        *250.1 GB   disk1
   1:                        EFI EFI                     209.7 MB   disk1s1
   2:                 Apple_APFS Container disk2         249.7 GB   disk1s2

/dev/disk2 (synthesized):
   #:                       TYPE NAME                    SIZE       IDENTIFIER
   0:      APFS Container Scheme -                      +249.7 GB   disk2
                                 Physical Store disk1s2
   1:                APFS Volume Macintosh HD            11.4 GB    disk2s1
   2:                APFS Volume Preboot                 41.4 MB    disk2s2
   3:                APFS Volume Recovery                516.5 MB   disk2s3

/dev/disk3 (external, physical):
   #:                       TYPE NAME                    SIZE       IDENTIFIER
   0:      GUID_partition_scheme                        *1.0 TB     disk3
   1:                  Apple_HFS mac-app                 710.8 GB   disk3s1
   2:                  Apple_HFS 30gb                    75.6 GB    disk3s2
   3:                  Apple_HFS 10.12.6-16G1212         32.2 GB    disk3s3
   4:                  Apple_HFS 10.13-17A365            32.2 GB    disk3s4
   5:                  Apple_HFS 10.14.3-18D42           32.2 GB    disk3s5
   6:                  Apple_HFS 10.14-18A391            32.2 GB    disk3s6
   7:                        EFI EFI-SSD                 2.1 GB     disk3s7
   8:                  Apple_HFS 10.9.5-13F34            32.2 GB    disk3s8
   9:                  Apple_HFS Install macOS Mojave    8.6 GB     disk3s9
  10:                  Apple_HFS legacy-installer        8.6 GB     disk3s10

/dev/disk4 (external, physical):
   #:                       TYPE NAME                    SIZE       IDENTIFIER
   0:      GUID_partition_scheme                        *1.0 TB     disk4
   1:                        EFI EFI                     209.7 MB   disk4s1
   2:                 Apple_APFS Container disk5         500.1 GB   disk4s2
   3:       Microsoft Basic Data data                    499.8 GB   disk4s3

/dev/disk5 (synthesized):
   #:                       TYPE NAME                    SIZE       IDENTIFIER
   0:      APFS Container Scheme -                      +500.1 GB   disk5
                                 Physical Store disk4s2
   1:                APFS Volume Macintosh HD            12.6 GB    disk5s1
   2:                APFS Volume Preboot                 44.6 MB    disk5s2
   3:                APFS Volume Recovery                516.9 MB   disk5s3
   4:                APFS Volume VM                      4.3 GB     disk5s4

Target volume /Volumes/Macintosh HD 1 on disk2 is APFS on physical store disk1s2
======================================================
Backing up EFI files

Backing up /Volumes/Macintosh HD 1/EFIROOTDIR/EFI folder to /Volumes/Macintosh HD 1/EFI-Backups/r4674/2019-06-05-23h51/EFI
======================================================
Installing BootSectors/BootLoader

Stage 0 - Don't write any of boot0af, boot0md, boot0ss to /Volumes/Macintosh HD 1
Stage 1 - Don't write any of boot1h2, boot1f32alt, boot1xalt to /Volumes/Macintosh HD 1

Theme 'BGM' (defined in config.plist) not found !
Using default theme 'embedded'
======================================================
=========== Clover EFI Installation Finish ===========
======================================================
